Archive member included because of file (symbol)

d:/avrrr/bin/../lib/gcc/avr/4.3.3/avr5\libgcc.a(_udivmodqi4.o)
                              ./HAL/HCLCD/HCLCD_Program.o (__udivmodqi4)
d:/avrrr/bin/../lib/gcc/avr/4.3.3/avr5\libgcc.a(_udivmodsi4.o)
                              ./MCAL/MTIMER/MTIMER_Program.o (__udivmodsi4)
d:/avrrr/bin/../lib/gcc/avr/4.3.3/avr5\libgcc.a(_exit.o)
                              d:/avrrr/bin/../lib/gcc/avr/4.3.3/../../../../avr/lib/avr5/crtm32.o (exit)
d:/avrrr/bin/../lib/gcc/avr/4.3.3/avr5\libgcc.a(_copy_data.o)
                              ./HAL/HKEYPAD/HKPD_program.o (__do_copy_data)
d:/avrrr/bin/../lib/gcc/avr/4.3.3/avr5\libgcc.a(_clear_bss.o)
                              ./MCAL/MTIMER/MTIMER_Program.o (__do_clear_bss)

Memory Configuration

Name             Origin             Length             Attributes
text             0x00000000         0x00020000         xr
data             0x00800060         0x0000ffa0         rw !x
eeprom           0x00810000         0x00010000         rw !x
fuse             0x00820000         0x00000400         rw !x
lock             0x00830000         0x00000400         rw !x
signature        0x00840000         0x00000400         rw !x
*default*        0x00000000         0xffffffff

Linker script and memory map

LOAD d:/avrrr/bin/../lib/gcc/avr/4.3.3/../../../../avr/lib/avr5/crtm32.o
LOAD ./MCAL/MTIMER/MTIMER_Program.o
LOAD ./MCAL/MGIE/MGIE_Program.o
LOAD ./MCAL/MEXTI/MEXTI_Program.o
LOAD ./MCAL/MDIO/MDIO_Program.o
LOAD ./MCAL/MADC/MADC_Program.o
LOAD ./HAL/Seven_Seg/HSEVEN_SEG_Program.o
LOAD ./HAL/HKEYPAD/HKPD_program.o
LOAD ./HAL/HCLCD/HCLCD_Program.o
LOAD ./main.o
LOAD d:/avrrr/bin/../lib/gcc/avr/4.3.3/avr5\libgcc.a
LOAD d:/avrrr/bin/../lib/gcc/avr/4.3.3/../../../../avr/lib/avr5\libc.a
LOAD d:/avrrr/bin/../lib/gcc/avr/4.3.3/avr5\libgcc.a

.hash
 *(.hash)

.dynsym
 *(.dynsym)

.dynstr
 *(.dynstr)

.gnu.version
 *(.gnu.version)

.gnu.version_d
 *(.gnu.version_d)

.gnu.version_r
 *(.gnu.version_r)

.rel.init
 *(.rel.init)

.rela.init
 *(.rela.init)

.rel.text
 *(.rel.text)
 *(.rel.text.*)
 *(.rel.gnu.linkonce.t*)

.rela.text
 *(.rela.text)
 *(.rela.text.*)
 *(.rela.gnu.linkonce.t*)

.rel.fini
 *(.rel.fini)

.rela.fini
 *(.rela.fini)

.rel.rodata
 *(.rel.rodata)
 *(.rel.rodata.*)
 *(.rel.gnu.linkonce.r*)

.rela.rodata
 *(.rela.rodata)
 *(.rela.rodata.*)
 *(.rela.gnu.linkonce.r*)

.rel.data
 *(.rel.data)
 *(.rel.data.*)
 *(.rel.gnu.linkonce.d*)

.rela.data
 *(.rela.data)
 *(.rela.data.*)
 *(.rela.gnu.linkonce.d*)

.rel.ctors
 *(.rel.ctors)

.rela.ctors
 *(.rela.ctors)

.rel.dtors
 *(.rel.dtors)

.rela.dtors
 *(.rela.dtors)

.rel.got
 *(.rel.got)

.rela.got
 *(.rela.got)

.rel.bss
 *(.rel.bss)

.rela.bss
 *(.rela.bss)

.rel.plt
 *(.rel.plt)

.rela.plt
 *(.rela.plt)

.text           0x00000000      0xe00
 *(.vectors)
 .vectors       0x00000000       0x54 d:/avrrr/bin/../lib/gcc/avr/4.3.3/../../../../avr/lib/avr5/crtm32.o
                0x00000000                __vectors
                0x00000000                __vector_default
 *(.vectors)
 *(.progmem.gcc*)
 *(.progmem*)
                0x00000054                . = ALIGN (0x2)
                0x00000054                __trampolines_start = .
 *(.trampolines)
 .trampolines   0x00000054        0x0 linker stubs
 *(.trampolines*)
                0x00000054                __trampolines_end = .
 *(.jumptables)
 *(.jumptables*)
 *(.lowtext)
 *(.lowtext*)
                0x00000054                __ctors_start = .
 *(.ctors)
                0x00000054                __ctors_end = .
                0x00000054                __dtors_start = .
 *(.dtors)
                0x00000054                __dtors_end = .
 SORT(*)(.ctors)
 SORT(*)(.dtors)
 *(.init0)
 .init0         0x00000054        0x0 d:/avrrr/bin/../lib/gcc/avr/4.3.3/../../../../avr/lib/avr5/crtm32.o
                0x00000054                __init
 *(.init0)
 *(.init1)
 *(.init1)
 *(.init2)
 .init2         0x00000054        0xc d:/avrrr/bin/../lib/gcc/avr/4.3.3/../../../../avr/lib/avr5/crtm32.o
 *(.init2)
 *(.init3)
 *(.init3)
 *(.init4)
 .init4         0x00000060       0x16 d:/avrrr/bin/../lib/gcc/avr/4.3.3/avr5\libgcc.a(_copy_data.o)
                0x00000060                __do_copy_data
 .init4         0x00000076       0x10 d:/avrrr/bin/../lib/gcc/avr/4.3.3/avr5\libgcc.a(_clear_bss.o)
                0x00000076                __do_clear_bss
 *(.init4)
 *(.init5)
 *(.init5)
 *(.init6)
 *(.init6)
 *(.init7)
 *(.init7)
 *(.init8)
 *(.init8)
 *(.init9)
 .init9         0x00000086        0x8 d:/avrrr/bin/../lib/gcc/avr/4.3.3/../../../../avr/lib/avr5/crtm32.o
 *(.init9)
 *(.text)
 .text          0x0000008e        0x4 d:/avrrr/bin/../lib/gcc/avr/4.3.3/../../../../avr/lib/avr5/crtm32.o
                0x0000008e                __vector_12
                0x0000008e                __bad_interrupt
                0x0000008e                __vector_6
                0x0000008e                __vector_3
                0x0000008e                __vector_13
                0x0000008e                __vector_17
                0x0000008e                __vector_19
                0x0000008e                __vector_7
                0x0000008e                __vector_5
                0x0000008e                __vector_4
                0x0000008e                __vector_9
                0x0000008e                __vector_2
                0x0000008e                __vector_15
                0x0000008e                __vector_8
                0x0000008e                __vector_14
                0x0000008e                __vector_16
                0x0000008e                __vector_18
                0x0000008e                __vector_20
 .text          0x00000092        0x0 ./MCAL/MTIMER/MTIMER_Program.o
 .text          0x00000092        0x0 ./MCAL/MGIE/MGIE_Program.o
 .text          0x00000092        0x0 ./MCAL/MEXTI/MEXTI_Program.o
 .text          0x00000092        0x0 ./MCAL/MDIO/MDIO_Program.o
 .text          0x00000092        0x0 ./MCAL/MADC/MADC_Program.o
 .text          0x00000092        0x0 ./HAL/Seven_Seg/HSEVEN_SEG_Program.o
 .text          0x00000092        0x0 ./HAL/HKEYPAD/HKPD_program.o
 .text          0x00000092        0x0 ./HAL/HCLCD/HCLCD_Program.o
 .text          0x00000092        0x0 ./main.o
 .text          0x00000092        0x0 d:/avrrr/bin/../lib/gcc/avr/4.3.3/avr5\libgcc.a(_udivmodqi4.o)
 .text          0x00000092        0x0 d:/avrrr/bin/../lib/gcc/avr/4.3.3/avr5\libgcc.a(_udivmodsi4.o)
 .text          0x00000092        0x0 d:/avrrr/bin/../lib/gcc/avr/4.3.3/avr5\libgcc.a(_exit.o)
 .text          0x00000092        0x0 d:/avrrr/bin/../lib/gcc/avr/4.3.3/avr5\libgcc.a(_copy_data.o)
 .text          0x00000092        0x0 d:/avrrr/bin/../lib/gcc/avr/4.3.3/avr5\libgcc.a(_clear_bss.o)
                0x00000092                . = ALIGN (0x2)
 *(.text.*)
 .text.MTIMER0_Init
                0x00000092       0x2c ./MCAL/MTIMER/MTIMER_Program.o
                0x00000092                MTIMER0_Init
 .text.MTIMER0_SetPreload
                0x000000be        0x4 ./MCAL/MTIMER/MTIMER_Program.o
                0x000000be                MTIMER0_SetPreload
 .text.MTIMER0_SetCTC
                0x000000c2        0x4 ./MCAL/MTIMER/MTIMER_Program.o
                0x000000c2                MTIMER0_SetCTC
 .text.MTIMER0_OVERFLOW_CALLBACK
                0x000000c6       0x1c ./MCAL/MTIMER/MTIMER_Program.o
                0x000000c6                MTIMER0_OVERFLOW_CALLBACK
 .text.MTIMER0_CTC_CALLBACK
                0x000000e2       0x1c ./MCAL/MTIMER/MTIMER_Program.o
                0x000000e2                MTIMER0_CTC_CALLBACK
 .text.MTIMER0_SetDutyCycle
                0x000000fe       0x24 ./MCAL/MTIMER/MTIMER_Program.o
                0x000000fe                MTIMER0_SetDutyCycle
 .text.__vector_10
                0x00000122       0x52 ./MCAL/MTIMER/MTIMER_Program.o
                0x00000122                __vector_10
 .text.__vector_11
                0x00000174       0x52 ./MCAL/MTIMER/MTIMER_Program.o
                0x00000174                __vector_11
 .text.MGIE_Enable
                0x000001c6        0x8 ./MCAL/MGIE/MGIE_Program.o
                0x000001c6                MGIE_Enable
 .text.MGIE_Disable
                0x000001ce        0x8 ./MCAL/MGIE/MGIE_Program.o
                0x000001ce                MGIE_Disable
 .text.MEXTI_Callback
                0x000001d6        0xe ./MCAL/MEXTI/MEXTI_Program.o
                0x000001d6                MEXTI_Callback
 .text.__vector_1
                0x000001e4       0x52 ./MCAL/MEXTI/MEXTI_Program.o
                0x000001e4                __vector_1
 .text.MEXTI0_Init
                0x00000236       0x14 ./MCAL/MEXTI/MEXTI_Program.o
                0x00000236                MEXTI0_Init
 .text.MEXTI1_Init
                0x0000024a        0xe ./MCAL/MEXTI/MEXTI_Program.o
                0x0000024a                MEXTI1_Init
 .text.MEXTI2_Init
                0x00000258        0x2 ./MCAL/MEXTI/MEXTI_Program.o
                0x00000258                MEXTI2_Init
 .text.MEXTI_SetSenseControl
                0x0000025a        0x2 ./MCAL/MEXTI/MEXTI_Program.o
                0x0000025a                MEXTI_SetSenseControl
 .text.MDIO_SetPortDirection
                0x0000025c       0x2c ./MCAL/MDIO/MDIO_Program.o
                0x0000025c                MDIO_SetPortDirection
 .text.MDIO_SetPinDirection
                0x00000288       0xfa ./MCAL/MDIO/MDIO_Program.o
                0x00000288                MDIO_SetPinDirection
 .text.MDIO_SetPortValue
                0x00000382       0x2c ./MCAL/MDIO/MDIO_Program.o
                0x00000382                MDIO_SetPortValue
 .text.MDIO_SetPinValue
                0x000003ae       0xfa ./MCAL/MDIO/MDIO_Program.o
                0x000003ae                MDIO_SetPinValue
 .text.MDIO_ReadPort
                0x000004a8       0x2e ./MCAL/MDIO/MDIO_Program.o
                0x000004a8                MDIO_ReadPort
 .text.MDIO_ReadPin
                0x000004d6       0x4a ./MCAL/MDIO/MDIO_Program.o
                0x000004d6                MDIO_ReadPin
 .text.MDIO_TogglePin
                0x00000520       0x70 ./MCAL/MDIO/MDIO_Program.o
                0x00000520                MDIO_TogglePin
 .text.MDIO_SetNibbleValue
                0x00000590       0xaa ./MCAL/MDIO/MDIO_Program.o
                0x00000590                MDIO_SetNibbleValue
 .text.MADC_Init
                0x0000063a        0xe ./MCAL/MADC/MADC_Program.o
                0x0000063a                MADC_Init
 .text.MADC_StartConversion
                0x00000648       0x1c ./MCAL/MADC/MADC_Program.o
                0x00000648                MADC_StartConversion
 .text.HSEVEN_SEG_Display
                0x00000664      0x108 ./HAL/Seven_Seg/HSEVEN_SEG_Program.o
                0x00000664                HSEVEN_SEG_Display
 .text.HSEVEN_SEG_SetMode
                0x0000076c       0x22 ./HAL/Seven_Seg/HSEVEN_SEG_Program.o
                0x0000076c                HSEVEN_SEG_SetMode
 .text.HSEVEN_SEG_Init
                0x0000078e       0x48 ./HAL/Seven_Seg/HSEVEN_SEG_Program.o
                0x0000078e                HSEVEN_SEG_Init
 .text.HKPD_GetPressedButton
                0x000007d6      0x158 ./HAL/HKEYPAD/HKPD_program.o
                0x000007d6                HKPD_GetPressedButton
 .text.HKPD_Init
                0x0000092e       0xa2 ./HAL/HKEYPAD/HKPD_program.o
                0x0000092e                HKPD_Init
 .text.HCLCD_WritChar4Bit
                0x000009d0       0x78 ./HAL/HCLCD/HCLCD_Program.o
                0x000009d0                HCLCD_WritChar4Bit
 .text.HCLCD_WriteDigits4Bit
                0x00000a48        0xe ./HAL/HCLCD/HCLCD_Program.o
                0x00000a48                HCLCD_WriteDigits4Bit
 .text.HCLCD_String_Write
                0x00000a56       0x26 ./HAL/HCLCD/HCLCD_Program.o
                0x00000a56                HCLCD_String_Write
 .text.HCLCD_WriteCommand4Bit
                0x00000a7c       0x78 ./HAL/HCLCD/HCLCD_Program.o
                0x00000a7c                HCLCD_WriteCommand4Bit
 .text.HCLCD_SetCursorPosition4Bit
                0x00000af4       0x20 ./HAL/HCLCD/HCLCD_Program.o
                0x00000af4                HCLCD_SetCursorPosition4Bit
 .text.HCLCD_String_Write_Position
                0x00000b14       0x2e ./HAL/HCLCD/HCLCD_Program.o
                0x00000b14                HCLCD_String_Write_Position
 .text.HCLCD_Init4Bit
                0x00000b42       0xca ./HAL/HCLCD/HCLCD_Program.o
                0x00000b42                HCLCD_Init4Bit
 .text.TIMER1_VidInit
                0x00000c0c       0x38 ./main.o
                0x00000c0c                TIMER1_VidInit
 .text.TIMER1_SetTopValue
                0x00000c44        0x6 ./main.o
                0x00000c44                TIMER1_SetTopValue
 .text.TIMER1_Set_OCR1A_Value
                0x00000c4a        0x6 ./main.o
                0x00000c4a                TIMER1_Set_OCR1A_Value
 .text.main     0x00000c50      0x150 ./main.o
                0x00000c50                main
 .text.libgcc   0x00000da0       0x18 d:/avrrr/bin/../lib/gcc/avr/4.3.3/avr5\libgcc.a(_udivmodqi4.o)
                0x00000da0                __udivmodqi4
 .text.libgcc   0x00000db8       0x44 d:/avrrr/bin/../lib/gcc/avr/4.3.3/avr5\libgcc.a(_udivmodsi4.o)
                0x00000db8                __udivmodsi4
 .text.libgcc   0x00000dfc        0x0 d:/avrrr/bin/../lib/gcc/avr/4.3.3/avr5\libgcc.a(_exit.o)
 .text.libgcc   0x00000dfc        0x0 d:/avrrr/bin/../lib/gcc/avr/4.3.3/avr5\libgcc.a(_copy_data.o)
 .text.libgcc   0x00000dfc        0x0 d:/avrrr/bin/../lib/gcc/avr/4.3.3/avr5\libgcc.a(_clear_bss.o)
                0x00000dfc                . = ALIGN (0x2)
 *(.fini9)
 .fini9         0x00000dfc        0x0 d:/avrrr/bin/../lib/gcc/avr/4.3.3/avr5\libgcc.a(_exit.o)
                0x00000dfc                exit
                0x00000dfc                _exit
 *(.fini9)
 *(.fini8)
 *(.fini8)
 *(.fini7)
 *(.fini7)
 *(.fini6)
 *(.fini6)
 *(.fini5)
 *(.fini5)
 *(.fini4)
 *(.fini4)
 *(.fini3)
 *(.fini3)
 *(.fini2)
 *(.fini2)
 *(.fini1)
 *(.fini1)
 *(.fini0)
 .fini0         0x00000dfc        0x4 d:/avrrr/bin/../lib/gcc/avr/4.3.3/avr5\libgcc.a(_exit.o)
 *(.fini0)
                0x00000e00                _etext = .

.data           0x00800060       0x20 load address 0x00000e00
                0x00800060                PROVIDE (__data_start, .)
 *(.data)
 .data          0x00800060        0x0 d:/avrrr/bin/../lib/gcc/avr/4.3.3/../../../../avr/lib/avr5/crtm32.o
 .data          0x00800060        0x0 ./MCAL/MTIMER/MTIMER_Program.o
 .data          0x00800060        0x0 ./MCAL/MGIE/MGIE_Program.o
 .data          0x00800060        0x0 ./MCAL/MEXTI/MEXTI_Program.o
 .data          0x00800060        0x0 ./MCAL/MDIO/MDIO_Program.o
 .data          0x00800060        0x0 ./MCAL/MADC/MADC_Program.o
 .data          0x00800060        0x0 ./HAL/Seven_Seg/HSEVEN_SEG_Program.o
 .data          0x00800060        0x0 ./HAL/HKEYPAD/HKPD_program.o
 .data          0x00800060        0x0 ./HAL/HCLCD/HCLCD_Program.o
 .data          0x00800060        0x7 ./main.o
 .data          0x00800067        0x0 d:/avrrr/bin/../lib/gcc/avr/4.3.3/avr5\libgcc.a(_udivmodqi4.o)
 .data          0x00800067        0x0 d:/avrrr/bin/../lib/gcc/avr/4.3.3/avr5\libgcc.a(_udivmodsi4.o)
 .data          0x00800067        0x0 d:/avrrr/bin/../lib/gcc/avr/4.3.3/avr5\libgcc.a(_exit.o)
 .data          0x00800067        0x0 d:/avrrr/bin/../lib/gcc/avr/4.3.3/avr5\libgcc.a(_copy_data.o)
 .data          0x00800067        0x0 d:/avrrr/bin/../lib/gcc/avr/4.3.3/avr5\libgcc.a(_clear_bss.o)
 *(.data*)
 .data.HKPD_SwitchValues
                0x00800067       0x10 ./HAL/HKEYPAD/HKPD_program.o
                0x00800067                HKPD_SwitchValues
 *(.rodata)
 *(.rodata*)
 .rodata.C.1.1325
                0x00800077        0x8 ./HAL/HKEYPAD/HKPD_program.o
 *(.gnu.linkonce.d*)
                0x00800080                . = ALIGN (0x2)
 *fill*         0x0080007f        0x1 00
                0x00800080                _edata = .
                0x00800080                PROVIDE (__data_end, .)

.bss            0x00800080        0x9
                0x00800080                PROVIDE (__bss_start, .)
 *(.bss)
 .bss           0x00800080        0x0 d:/avrrr/bin/../lib/gcc/avr/4.3.3/../../../../avr/lib/avr5/crtm32.o
 .bss           0x00800080        0x0 ./MCAL/MTIMER/MTIMER_Program.o
 .bss           0x00800080        0x0 ./MCAL/MGIE/MGIE_Program.o
 .bss           0x00800080        0x0 ./MCAL/MEXTI/MEXTI_Program.o
 .bss           0x00800080        0x0 ./MCAL/MDIO/MDIO_Program.o
 .bss           0x00800080        0x0 ./MCAL/MADC/MADC_Program.o
 .bss           0x00800080        0x0 ./HAL/Seven_Seg/HSEVEN_SEG_Program.o
 .bss           0x00800080        0x0 ./HAL/HKEYPAD/HKPD_program.o
 .bss           0x00800080        0x0 ./HAL/HCLCD/HCLCD_Program.o
 .bss           0x00800080        0x0 ./main.o
 .bss           0x00800080        0x0 d:/avrrr/bin/../lib/gcc/avr/4.3.3/avr5\libgcc.a(_udivmodqi4.o)
 .bss           0x00800080        0x0 d:/avrrr/bin/../lib/gcc/avr/4.3.3/avr5\libgcc.a(_udivmodsi4.o)
 .bss           0x00800080        0x0 d:/avrrr/bin/../lib/gcc/avr/4.3.3/avr5\libgcc.a(_exit.o)
 .bss           0x00800080        0x0 d:/avrrr/bin/../lib/gcc/avr/4.3.3/avr5\libgcc.a(_copy_data.o)
 .bss           0x00800080        0x0 d:/avrrr/bin/../lib/gcc/avr/4.3.3/avr5\libgcc.a(_clear_bss.o)
 *(.bss*)
 .bss.Glob_OverflowISR_Ptr
                0x00800080        0x2 ./MCAL/MTIMER/MTIMER_Program.o
                0x00800080                Glob_OverflowISR_Ptr
 .bss.Glob_CTC_ISR_Ptr
                0x00800082        0x2 ./MCAL/MTIMER/MTIMER_Program.o
                0x00800082                Glob_CTC_ISR_Ptr
 .bss.Global_Pointer
                0x00800084        0x2 ./MCAL/MEXTI/MEXTI_Program.o
                0x00800084                Global_Pointer
 .bss.Cursor_Postion_LCD
                0x00800086        0x1 ./HAL/HKEYPAD/HKPD_program.o
                0x00800086                Cursor_Postion_LCD
 .bss.Speed     0x00800087        0x2 ./main.o
                0x00800087                Speed
 *(COMMON)
                0x00800089                PROVIDE (__bss_end, .)
                0x00000e00                __data_load_start = LOADADDR (.data)
                0x00000e20                __data_load_end = (__data_load_start + SIZEOF (.data))

.noinit         0x00800089        0x0
                0x00800089                PROVIDE (__noinit_start, .)
 *(.noinit*)
                0x00800089                PROVIDE (__noinit_end, .)
                0x00800089                _end = .
                0x00800089                PROVIDE (__heap_start, .)

.eeprom         0x00810000        0x0
 *(.eeprom*)
                0x00810000                __eeprom_end = .

.fuse
 *(.fuse)
 *(.lfuse)
 *(.hfuse)
 *(.efuse)

.lock
 *(.lock*)

.signature
 *(.signature*)

.stab
 *(.stab)

.stabstr
 *(.stabstr)

.stab.excl
 *(.stab.excl)

.stab.exclstr
 *(.stab.exclstr)

.stab.index
 *(.stab.index)

.stab.indexstr
 *(.stab.indexstr)

.comment
 *(.comment)

.debug
 *(.debug)

.line
 *(.line)

.debug_srcinfo
 *(.debug_srcinfo)

.debug_sfnames
 *(.debug_sfnames)

.debug_aranges
 *(.debug_aranges)

.debug_pubnames
 *(.debug_pubnames)

.debug_info
 *(.debug_info)
 *(.gnu.linkonce.wi.*)

.debug_abbrev
 *(.debug_abbrev)

.debug_line
 *(.debug_line)

.debug_frame
 *(.debug_frame)

.debug_str
 *(.debug_str)

.debug_loc
 *(.debug_loc)

.debug_macinfo
 *(.debug_macinfo)
OUTPUT(Gradutaion_project.elf elf32-avr)
LOAD linker stubs
